
> compliance-pilot@0.1.0 build
> next build

Γû▓ Next.js 16.1.6 (Turbopack)
- Environments: .env

  Creating an optimized production build ...
node.exe : 
At C:\Program 
Files\nodejs\npm.ps1:29 
char:3
+   & $NODE_EXE $NPM_CLI_JS 
$args
+   
~~~~~~~~~~~~~~~~~~~~~~~~~~~~~
    + CategoryInfo           
   : NotSpecified: (:String  
  ) [], RemoteException
    + FullyQualifiedErrorId  
   : NativeCommandError
 
> Build error occurred
Error: Turbopack build 
failed with 3 errors:
./app/api/assets/route.ts:3:1
Export 
runRecommendationEngine 
doesn't exist in target 
module
[0m [90m 1 |[39m 
[36mimport[39m { 
[33mNextResponse[39m } 
[36mfrom[39m [32m"next/ser
ver"[39m[33m;[39m
 [90m 2 |[39m 
[36mimport[39m prisma 
[36mfrom[39m [32m"@/lib/pr
isma"[39m[33m;[39m
[31m[1m>[22m[39m[90m 3 
|[39m [36mimport[39m { 
runRecommendationEngine } 
[36mfrom[39m [32m"@/servic
es/taxRecommendationService"
[39m[33m;[39m
 [90m   |[39m [31m[1m^[2
2m[39m[31m[1m^[22m[39m[
31m[1m^[22m[39m[31m[1m^
[22m[39m[31m[1m^[22m[39m
[31m[1m^[22m[39m[31m[1m
^[22m[39m[31m[1m^[22m[3
9m[31m[1m^[22m[39m[31m[
1m^[22m[39m[31m[1m^[22m
[39m[31m[1m^[22m[39m[31m
[1m^[22m[39m[31m[1m^[22
m[39m[31m[1m^[22m[39m[3
1m[1m^[22m[39m[31m[1m^[
22m[39m[31m[1m^[22m[39m
[31m[1m^[22m[39m[31m[1m^
[22m[39m[31m[1m^[22m[39
m[31m[1m^[22m[39m[31m[1
m^[22m[39m[31m[1m^[22m[
39m[31m[1m^[22m[39m[31m
[1m^[22m[39m[31m[1m^[22m
[39m[31m[1m^[22m[39m[31
m[1m^[22m[39m[31m[1m^[2
2m[39m[31m[1m^[22m[39m[
31m[1m^[22m[39m[31m[1m^
[22m[39m[31m[1m^[22m[39m
[31m[1m^[22m[39m[31m[1m
^[22m[39m[31m[1m^[22m[3
9m[31m[1m^[22m[39m[31m[
1m^[22m[39m[31m[1m^[22m
[39m[31m[1m^[22m[39m[31m
[1m^[22m[39m[31m[1m^[22
m[39m[31m[1m^[22m[39m[3
1m[1m^[22m[39m[31m[1m^[
22m[39m[31m[1m^[22m[39m
[31m[1m^[22m[39m[31m[1m^
[22m[39m[31m[1m^[22m[39
m[31m[1m^[22m[39m[31m[1
m^[22m[39m[31m[1m^[22m[
39m[31m[1m^[22m[39m[31m
[1m^[22m[39m[31m[1m^[22m
[39m[31m[1m^[22m[39m[31
m[1m^[22m[39m[31m[1m^[2
2m[39m[31m[1m^[22m[39m[
31m[1m^[22m[39m[31m[1m^
[22m[39m[31m[1m^[22m[39m
[31m[1m^[22m[39m[31m[1m
^[22m[39m[31m[1m^[22m[3
9m[31m[1m^[22m[39m[31m[
1m^[22m[39m[31m[1m^[22m
[39m[31m[1m^[22m[39m[31m
[1m^[22m[39m[31m[1m^[22
m[39m[31m[1m^[22m[39m[3
1m[1m^[22m[39m[31m[1m^[
22m[39m[31m[1m^[22m[39m
[31m[1m^[22m[39m[31m[1m^
[22m[39m
 [90m 4 |[39m
 [90m 5 |[39m 
[36mexport[39m 
[36masync[39m 
[36mfunction[39m [33mPOST
[39m(request[33m:[39m 
[33mRequest[39m) {
 [90m 6 |[39m   
[36mtry[39m {[0m

The export 
runRecommendationEngine was 
not found in module [project]
/services/taxRecommendationSe
rvice.js [app-route] 
(ecmascript).
Did you mean to import 
runInvoiceTaxAnalysis?
All exports of the module 
are statically known (It 
doesn't have dynamic 
exports). So it's known 
statically that the 
requested export doesn't 
exist.


./app/api/employees/route.ts:
3:1
Export 
runRecommendationEngine 
doesn't exist in target 
module
[0m [90m 1 |[39m 
[36mimport[39m { 
[33mNextResponse[39m } 
[36mfrom[39m [32m"next/ser
ver"[39m[33m;[39m
 [90m 2 |[39m 
[36mimport[39m prisma 
[36mfrom[39m [32m"@/lib/pr
isma"[39m[33m;[39m
[31m[1m>[22m[39m[90m 3 
|[39m [36mimport[39m { 
runRecommendationEngine } 
[36mfrom[39m [32m"@/servic
es/taxRecommendationService"
[39m[33m;[39m
 [90m   |[39m [31m[1m^[2
2m[39m[31m[1m^[22m[39m[
31m[1m^[22m[39m[31m[1m^
[22m[39m[31m[1m^[22m[39m
[31m[1m^[22m[39m[31m[1m
^[22m[39m[31m[1m^[22m[3
9m[31m[1m^[22m[39m[31m[
1m^[22m[39m[31m[1m^[22m
[39m[31m[1m^[22m[39m[31m
[1m^[22m[39m[31m[1m^[22
m[39m[31m[1m^[22m[39m[3
1m[1m^[22m[39m[31m[1m^[
22m[39m[31m[1m^[22m[39m
[31m[1m^[22m[39m[31m[1m^
[22m[39m[31m[1m^[22m[39
m[31m[1m^[22m[39m[31m[1
m^[22m[39m[31m[1m^[22m[
39m[31m[1m^[22m[39m[31m
[1m^[22m[39m[31m[1m^[22m
[39m[31m[1m^[22m[39m[31
m[1m^[22m[39m[31m[1m^[2
2m[39m[31m[1m^[22m[39m[
31m[1m^[22m[39m[31m[1m^
[22m[39m[31m[1m^[22m[39m
[31m[1m^[22m[39m[31m[1m
^[22m[39m[31m[1m^[22m[3
9m[31m[1m^[22m[39m[31m[
1m^[22m[39m[31m[1m^[22m
[39m[31m[1m^[22m[39m[31m
[1m^[22m[39m[31m[1m^[22
m[39m[31m[1m^[22m[39m[3
1m[1m^[22m[39m[31m[1m^[
22m[39m[31m[1m^[22m[39m
[31m[1m^[22m[39m[31m[1m^
[22m[39m[31m[1m^[22m[39
m[31m[1m^[22m[39m[31m[1
m^[22m[39m[31m[1m^[22m[
39m[31m[1m^[22m[39m[31m
[1m^[22m[39m[31m[1m^[22m
[39m[31m[1m^[22m[39m[31
m[1m^[22m[39m[31m[1m^[2
2m[39m[31m[1m^[22m[39m[
31m[1m^[22m[39m[31m[1m^
[22m[39m[31m[1m^[22m[39m
[31m[1m^[22m[39m[31m[1m
^[22m[39m[31m[1m^[22m[3
9m[31m[1m^[22m[39m[31m[
1m^[22m[39m[31m[1m^[22m
[39m[31m[1m^[22m[39m[31m
[1m^[22m[39m[31m[1m^[22
m[39m[31m[1m^[22m[39m[3
1m[1m^[22m[39m[31m[1m^[
22m[39m[31m[1m^[22m[39m
[31m[1m^[22m[39m[31m[1m^
[22m[39m
 [90m 4 |[39m
 [90m 5 |[39m 
[36mexport[39m 
[36masync[39m 
[36mfunction[39m [33mPOST
[39m(request[33m:[39m 
[33mRequest[39m) {
 [90m 6 |[39m   
[36mtry[39m {[0m

The export 
runRecommendationEngine was 
not found in module [project]
/services/taxRecommendationSe
rvice.js [app-route] 
(ecmascript).
Did you mean to import 
runInvoiceTaxAnalysis?
All exports of the module 
are statically known (It 
doesn't have dynamic 
exports). So it's known 
statically that the 
requested export doesn't 
exist.


./app/api/expenses/route.ts:3
:1
Export 
runRecommendationEngine 
doesn't exist in target 
module
[0m [90m 1 |[39m 
[36mimport[39m { 
[33mNextResponse[39m } 
[36mfrom[39m [32m"next/ser
ver"[39m[33m;[39m
 [90m 2 |[39m 
[36mimport[39m prisma 
[36mfrom[39m [32m"@/lib/pr
isma"[39m[33m;[39m
[31m[1m>[22m[39m[90m 3 
|[39m [36mimport[39m { 
runRecommendationEngine } 
[36mfrom[39m [32m"@/servic
es/taxRecommendationService"
[39m[33m;[39m
 [90m   |[39m [31m[1m^[2
2m[39m[31m[1m^[22m[39m[
31m[1m^[22m[39m[31m[1m^
[22m[39m[31m[1m^[22m[39m
[31m[1m^[22m[39m[31m[1m
^[22m[39m[31m[1m^[22m[3
9m[31m[1m^[22m[39m[31m[
1m^[22m[39m[31m[1m^[22m
[39m[31m[1m^[22m[39m[31m
[1m^[22m[39m[31m[1m^[22
m[39m[31m[1m^[22m[39m[3
1m[1m^[22m[39m[31m[1m^[
22m[39m[31m[1m^[22m[39m
[31m[1m^[22m[39m[31m[1m^
[22m[39m[31m[1m^[22m[39
m[31m[1m^[22m[39m[31m[1
m^[22m[39m[31m[1m^[22m[
39m[31m[1m^[22m[39m[31m
[1m^[22m[39m[31m[1m^[22m
[39m[31m[1m^[22m[39m[31
m[1m^[22m[39m[31m[1m^[2
2m[39m[31m[1m^[22m[39m[
31m[1m^[22m[39m[31m[1m^
[22m[39m[31m[1m^[22m[39m
[31m[1m^[22m[39m[31m[1m
^[22m[39m[31m[1m^[22m[3
9m[31m[1m^[22m[39m[31m[
1m^[22m[39m[31m[1m^[22m
[39m[31m[1m^[22m[39m[31m
[1m^[22m[39m[31m[1m^[22
m[39m[31m[1m^[22m[39m[3
1m[1m^[22m[39m[31m[1m^[
22m[39m[31m[1m^[22m[39m
[31m[1m^[22m[39m[31m[1m^
[22m[39m[31m[1m^[22m[39
m[31m[1m^[22m[39m[31m[1
m^[22m[39m[31m[1m^[22m[
39m[31m[1m^[22m[39m[31m
[1m^[22m[39m[31m[1m^[22m
[39m[31m[1m^[22m[39m[31
m[1m^[22m[39m[31m[1m^[2
2m[39m[31m[1m^[22m[39m[
31m[1m^[22m[39m[31m[1m^
[22m[39m[31m[1m^[22m[39m
[31m[1m^[22m[39m[31m[1m
^[22m[39m[31m[1m^[22m[3
9m[31m[1m^[22m[39m[31m[
1m^[22m[39m[31m[1m^[22m
[39m[31m[1m^[22m[39m[31m
[1m^[22m[39m[31m[1m^[22
m[39m[31m[1m^[22m[39m[3
1m[1m^[22m[39m[31m[1m^[
22m[39m[31m[1m^[22m[39m
[31m[1m^[22m[39m[31m[1m^
[22m[39m
 [90m 4 |[39m
 [90m 5 |[39m 
[36mexport[39m 
[36masync[39m 
[36mfunction[39m [33mPOST
[39m(request[33m:[39m 
[33mRequest[39m) {
 [90m 6 |[39m   
[36mtry[39m {[0m

The export 
runRecommendationEngine was 
not found in module [project]
/services/taxRecommendationSe
rvice.js [app-route] 
(ecmascript).
Did you mean to import 
runInvoiceTaxAnalysis?
All exports of the module 
are statically known (It 
doesn't have dynamic 
exports). So it's known 
statically that the 
requested export doesn't 
exist.


    at <unknown> (./app/api/a
ssets/route.ts:3:1)
    at <unknown> (./app/api/e
mployees/route.ts:3:1)
    at <unknown> (./app/api/e
xpenses/route.ts:3:1)
